
> automated-leave-management-system@1.0.0 test
> jest --verbose

  console.warn
    Starting the MongoMemoryServer Instance failed, enable debug log for more information. Error:
     Error: listen EACCES: permission denied 0.0.0.0:53020
        at Server.setupListenHandle [as _listen2] (node:net:1882:21)
        at listenInCluster (node:net:1961:12)
        at Server.listen (node:net:2063:7)
        at C:\Users\ishan\Desktop\alms_final\node_modules\mongodb-memory-server-core\src\util\getport\index.ts:139:12
        at new Promise (<anonymous>)
        at tryPort (C:\Users\ishan\Desktop\alms_final\node_modules\mongodb-memory-server-core\src\util\getport\index.ts:124:10)
        at getFreePort (C:\Users\ishan\Desktop\alms_final\node_modules\mongodb-memory-server-core\src\util\getport\index.ts:90:29)
        at MongoMemoryServer.getNewPort (C:\Users\ishan\Desktop\alms_final\node_modules\mongodb-memory-server-core\src\MongoMemoryServer.ts:349:38)
        at MongoMemoryServer.getStartOptions (C:\Users\ishan\Desktop\alms_final\node_modules\mongodb-memory-server-core\src\MongoMemoryServer.ts:392:25)
        at MongoMemoryServer._startUpInstance (C:\Users\ishan\Desktop\alms_final\node_modules\mongodb-memory-server-core\src\MongoMemoryServer.ts:472:49)
        at MongoMemoryServer.start (C:\Users\ishan\Desktop\alms_final\node_modules\mongodb-memory-server-core\src\MongoMemoryServer.ts:298:5)
        at Function.create (C:\Users\ishan\Desktop\alms_final\node_modules\mongodb-memory-server-core\src\MongoMemoryServer.ts:265:5)
        at setupTestDB (C:\Users\ishan\Desktop\alms_final\tests\setup\mongodb.js:17:17)
        at Object.<anonymous> (C:\Users\ishan\Desktop\alms_final\tests\unit\models\Leave.test.js:16:5) {
      code: 'EACCES',
      errno: -4092,
      syscall: 'listen',
      address: '0.0.0.0',
      port: 53020
    }

      15 |  */
      16 | const setupTestDB = async () => {
    > 17 |   mongoServer = await MongoMemoryServer.create();
         |                 ^
      18 |   const mongoUri = mongoServer.getUri();
      19 |   await mongoose.connect(mongoUri);
      20 | };

      at node_modules/mongodb-memory-server-core/src/MongoMemoryServer.ts:307:17
      at MongoMemoryServer.start (node_modules/mongodb-memory-server-core/src/MongoMemoryServer.ts:298:5)
      at Function.create (node_modules/mongodb-memory-server-core/src/MongoMemoryServer.ts:265:5)
      at setupTestDB (tests/setup/mongodb.js:17:17)
      at Object.<anonymous> (tests/unit/models/Leave.test.js:16:5)

npm : FAIL tests/unit/models/Leave.test.js (11.421 s)
At C:\Users\ishan\AppData\Local\Temp\ps-script-eb799330-788b-4db2-89b0-49767a6ab51d.ps1:92 char:42
+ ... \Users\ishan\Desktop\alms_final" ; npm test -- --verbose 2>&1 | Out-F ...
+                                        ~~~~~~~~~~~~~~~~~~~~~~~~~~
    + CategoryInfo          : NotSpecified: (FAIL tests/unit...t.js (11.421 s):String) [], RemoteException
    + FullyQualifiedErrorId : NativeCommandError
 
  Leave Model
    Leave Creation
      ├ù should create a leave with valid data (53 ms)
      ├ù should calculate numberOfDays automatically (1 ms)
      ├ù should validate endDate is after startDate
      ├ù should validate minimum numberOfDays
    checkOverlap
      ├ù should detect overlapping leaves
      ├ù should not detect overlap when excluding leave ID
      ├ù should not detect overlap for non-overlapping dates
    canCancel virtual
      ├ù should return true for pending leave (1 ms)
      ├ù should return true for approved leave with future start date (1 ms)

  ΓùÅ Leave Model ΓÇ║ Leave Creation ΓÇ║ should create a leave with valid data

    listen EACCES: permission denied 0.0.0.0:53020

      15 |  */
      16 | const setupTestDB = async () => {
    > 17 |   mongoServer = await MongoMemoryServer.create();
         |                 ^
      18 |   const mongoUri = mongoServer.getUri();
      19 |   await mongoose.connect(mongoUri);
      20 | };

      at node_modules/mongodb-memory-server-core/src/util/getport/index.ts:139:12
      at tryPort (node_modules/mongodb-memory-server-core/src/util/getport/index.ts:124:10)
      at getFreePort (node_modules/mongodb-memory-server-core/src/util/getport/index.ts:90:29)
      at MongoMemoryServer.getNewPort (node_modules/mongodb-memory-server-core/src/MongoMemoryServer.ts:349:38)
      at MongoMemoryServer.getStartOptions (node_modules/mongodb-memory-server-core/src/MongoMemoryServer.ts:392:25)
      at MongoMemoryServer._startUpInstance (node_modules/mongodb-memory-server-core/src/MongoMemoryServer.ts:472:49)
      at MongoMemoryServer.start (node_modules/mongodb-memory-server-core/src/MongoMemoryServer.ts:298:5)
      at Function.create (node_modules/mongodb-memory-server-core/src/MongoMemoryServer.ts:265:5)
      at setupTestDB (tests/setup/mongodb.js:17:17)
      at Object.<anonymous> (tests/unit/models/Leave.test.js:16:5)

  ΓùÅ Leave Model ΓÇ║ Leave Creation ΓÇ║ should calculate numberOfDays automatically

    listen EACCES: permission denied 0.0.0.0:53020

      15 |  */
      16 | const setupTestDB = async () => {
    > 17 |   mongoServer = await MongoMemoryServer.create();
         |                 ^
      18 |   const mongoUri = mongoServer.getUri();
      19 |   await mongoose.connect(mongoUri);
      20 | };

      at node_modules/mongodb-memory-server-core/src/util/getport/index.ts:139:12
      at tryPort (node_modules/mongodb-memory-server-core/src/util/getport/index.ts:124:10)
      at getFreePort (node_modules/mongodb-memory-server-core/src/util/getport/index.ts:90:29)
      at MongoMemoryServer.getNewPort (node_modules/mongodb-memory-server-core/src/MongoMemoryServer.ts:349:38)
      at MongoMemoryServer.getStartOptions (node_modules/mongodb-memory-server-core/src/MongoMemoryServer.ts:392:25)
      at MongoMemoryServer._startUpInstance (node_modules/mongodb-memory-server-core/src/MongoMemoryServer.ts:472:49)
      at MongoMemoryServer.start (node_modules/mongodb-memory-server-core/src/MongoMemoryServer.ts:298:5)
      at Function.create (node_modules/mongodb-memory-server-core/src/MongoMemoryServer.ts:265:5)
      at setupTestDB (tests/setup/mongodb.js:17:17)
      at Object.<anonymous> (tests/unit/models/Leave.test.js:16:5)

  ΓùÅ Leave Model ΓÇ║ Leave Creation ΓÇ║ should validate endDate is after startDate

    listen EACCES: permission denied 0.0.0.0:53020

      15 |  */
      16 | const setupTestDB = async () => {
    > 17 |   mongoServer = await MongoMemoryServer.create();
         |                 ^
      18 |   const mongoUri = mongoServer.getUri();
      19 |   await mongoose.connect(mongoUri);
      20 | };

      at node_modules/mongodb-memory-server-core/src/util/getport/index.ts:139:12
      at tryPort (node_modules/mongodb-memory-server-core/src/util/getport/index.ts:124:10)
      at getFreePort (node_modules/mongodb-memory-server-core/src/util/getport/index.ts:90:29)
      at MongoMemoryServer.getNewPort (node_modules/mongodb-memory-server-core/src/MongoMemoryServer.ts:349:38)
      at MongoMemoryServer.getStartOptions (node_modules/mongodb-memory-server-core/src/MongoMemoryServer.ts:392:25)
      at MongoMemoryServer._startUpInstance (node_modules/mongodb-memory-server-core/src/MongoMemoryServer.ts:472:49)
      at MongoMemoryServer.start (node_modules/mongodb-memory-server-core/src/MongoMemoryServer.ts:298:5)
      at Function.create (node_modules/mongodb-memory-server-core/src/MongoMemoryServer.ts:265:5)
      at setupTestDB (tests/setup/mongodb.js:17:17)
      at Object.<anonymous> (tests/unit/models/Leave.test.js:16:5)

  ΓùÅ Leave Model ΓÇ║ Leave Creation ΓÇ║ should validate minimum numberOfDays

    listen EACCES: permission denied 0.0.0.0:53020

      15 |  */
      16 | const setupTestDB = async () => {
    > 17 |   mongoServer = await MongoMemoryServer.create();
         |                 ^
      18 |   const mongoUri = mongoServer.getUri();
      19 |   await mongoose.connect(mongoUri);
      20 | };

      at node_modules/mongodb-memory-server-core/src/util/getport/index.ts:139:12
      at tryPort (node_modules/mongodb-memory-server-core/src/util/getport/index.ts:124:10)
      at getFreePort (node_modules/mongodb-memory-server-core/src/util/getport/index.ts:90:29)
      at MongoMemoryServer.getNewPort (node_modules/mongodb-memory-server-core/src/MongoMemoryServer.ts:349:38)
      at MongoMemoryServer.getStartOptions (node_modules/mongodb-memory-server-core/src/MongoMemoryServer.ts:392:25)
      at MongoMemoryServer._startUpInstance (node_modules/mongodb-memory-server-core/src/MongoMemoryServer.ts:472:49)
      at MongoMemoryServer.start (node_modules/mongodb-memory-server-core/src/MongoMemoryServer.ts:298:5)
      at Function.create (node_modules/mongodb-memory-server-core/src/MongoMemoryServer.ts:265:5)
      at setupTestDB (tests/setup/mongodb.js:17:17)
      at Object.<anonymous> (tests/unit/models/Leave.test.js:16:5)

  ΓùÅ Leave Model ΓÇ║ checkOverlap ΓÇ║ should detect overlapping leaves

    listen EACCES: permission denied 0.0.0.0:53020

      15 |  */
      16 | const setupTestDB = async () => {
    > 17 |   mongoServer = await MongoMemoryServer.create();
         |                 ^
      18 |   const mongoUri = mongoServer.getUri();
      19 |   await mongoose.connect(mongoUri);
      20 | };

      at node_modules/mongodb-memory-server-core/src/util/getport/index.ts:139:12
      at tryPort (node_modules/mongodb-memory-server-core/src/util/getport/index.ts:124:10)
      at getFreePort (node_modules/mongodb-memory-server-core/src/util/getport/index.ts:90:29)
      at MongoMemoryServer.getNewPort (node_modules/mongodb-memory-server-core/src/MongoMemoryServer.ts:349:38)
      at MongoMemoryServer.getStartOptions (node_modules/mongodb-memory-server-core/src/MongoMemoryServer.ts:392:25)
      at MongoMemoryServer._startUpInstance (node_modules/mongodb-memory-server-core/src/MongoMemoryServer.ts:472:49)
      at MongoMemoryServer.start (node_modules/mongodb-memory-server-core/src/MongoMemoryServer.ts:298:5)
      at Function.create (node_modules/mongodb-memory-server-core/src/MongoMemoryServer.ts:265:5)
      at setupTestDB (tests/setup/mongodb.js:17:17)
      at Object.<anonymous> (tests/unit/models/Leave.test.js:16:5)

  ΓùÅ Leave Model ΓÇ║ checkOverlap ΓÇ║ should not detect overlap when excluding leave ID

    listen EACCES: permission denied 0.0.0.0:53020

      15 |  */
      16 | const setupTestDB = async () => {
    > 17 |   mongoServer = await MongoMemoryServer.create();
         |                 ^
      18 |   const mongoUri = mongoServer.getUri();
      19 |   await mongoose.connect(mongoUri);
      20 | };

      at node_modules/mongodb-memory-server-core/src/util/getport/index.ts:139:12
      at tryPort (node_modules/mongodb-memory-server-core/src/util/getport/index.ts:124:10)
      at getFreePort (node_modules/mongodb-memory-server-core/src/util/getport/index.ts:90:29)
      at MongoMemoryServer.getNewPort (node_modules/mongodb-memory-server-core/src/MongoMemoryServer.ts:349:38)
      at MongoMemoryServer.getStartOptions (node_modules/mongodb-memory-server-core/src/MongoMemoryServer.ts:392:25)
      at MongoMemoryServer._startUpInstance (node_modules/mongodb-memory-server-core/src/MongoMemoryServer.ts:472:49)
      at MongoMemoryServer.start (node_modules/mongodb-memory-server-core/src/MongoMemoryServer.ts:298:5)
      at Function.create (node_modules/mongodb-memory-server-core/src/MongoMemoryServer.ts:265:5)
      at setupTestDB (tests/setup/mongodb.js:17:17)
      at Object.<anonymous> (tests/unit/models/Leave.test.js:16:5)

  ΓùÅ Leave Model ΓÇ║ checkOverlap ΓÇ║ should not detect overlap for non-overlapping dates

    listen EACCES: permission denied 0.0.0.0:53020

      15 |  */
      16 | const setupTestDB = async () => {
    > 17 |   mongoServer = await MongoMemoryServer.create();
         |                 ^
      18 |   const mongoUri = mongoServer.getUri();
      19 |   await mongoose.connect(mongoUri);
      20 | };

      at node_modules/mongodb-memory-server-core/src/util/getport/index.ts:139:12
      at tryPort (node_modules/mongodb-memory-server-core/src/util/getport/index.ts:124:10)
      at getFreePort (node_modules/mongodb-memory-server-core/src/util/getport/index.ts:90:29)
      at MongoMemoryServer.getNewPort (node_modules/mongodb-memory-server-core/src/MongoMemoryServer.ts:349:38)
      at MongoMemoryServer.getStartOptions (node_modules/mongodb-memory-server-core/src/MongoMemoryServer.ts:392:25)
      at MongoMemoryServer._startUpInstance (node_modules/mongodb-memory-server-core/src/MongoMemoryServer.ts:472:49)
      at MongoMemoryServer.start (node_modules/mongodb-memory-server-core/src/MongoMemoryServer.ts:298:5)
      at Function.create (node_modules/mongodb-memory-server-core/src/MongoMemoryServer.ts:265:5)
      at setupTestDB (tests/setup/mongodb.js:17:17)
      at Object.<anonymous> (tests/unit/models/Leave.test.js:16:5)

  ΓùÅ Leave Model ΓÇ║ canCancel virtual ΓÇ║ should return true for pending leave

    listen EACCES: permission denied 0.0.0.0:53020

      15 |  */
      16 | const setupTestDB = async () => {
    > 17 |   mongoServer = await MongoMemoryServer.create();
         |                 ^
      18 |   const mongoUri = mongoServer.getUri();
      19 |   await mongoose.connect(mongoUri);
      20 | };

      at node_modules/mongodb-memory-server-core/src/util/getport/index.ts:139:12
      at tryPort (node_modules/mongodb-memory-server-core/src/util/getport/index.ts:124:10)
      at getFreePort (node_modules/mongodb-memory-server-core/src/util/getport/index.ts:90:29)
      at MongoMemoryServer.getNewPort (node_modules/mongodb-memory-server-core/src/MongoMemoryServer.ts:349:38)
      at MongoMemoryServer.getStartOptions (node_modules/mongodb-memory-server-core/src/MongoMemoryServer.ts:392:25)
      at MongoMemoryServer._startUpInstance (node_modules/mongodb-memory-server-core/src/MongoMemoryServer.ts:472:49)
      at MongoMemoryServer.start (node_modules/mongodb-memory-server-core/src/MongoMemoryServer.ts:298:5)
      at Function.create (node_modules/mongodb-memory-server-core/src/MongoMemoryServer.ts:265:5)
      at setupTestDB (tests/setup/mongodb.js:17:17)
      at Object.<anonymous> (tests/unit/models/Leave.test.js:16:5)

  ΓùÅ Leave Model ΓÇ║ canCancel virtual ΓÇ║ should return true for approved leave with future start date

    listen EACCES: permission denied 0.0.0.0:53020

      15 |  */
      16 | const setupTestDB = async () => {
    > 17 |   mongoServer = await MongoMemoryServer.create();
         |                 ^
      18 |   const mongoUri = mongoServer.getUri();
      19 |   await mongoose.connect(mongoUri);
      20 | };

      at node_modules/mongodb-memory-server-core/src/util/getport/index.ts:139:12
      at tryPort (node_modules/mongodb-memory-server-core/src/util/getport/index.ts:124:10)
      at getFreePort (node_modules/mongodb-memory-server-core/src/util/getport/index.ts:90:29)
      at MongoMemoryServer.getNewPort (node_modules/mongodb-memory-server-core/src/MongoMemoryServer.ts:349:38)
      at MongoMemoryServer.getStartOptions (node_modules/mongodb-memory-server-core/src/MongoMemoryServer.ts:392:25)
      at MongoMemoryServer._startUpInstance (node_modules/mongodb-memory-server-core/src/MongoMemoryServer.ts:472:49)
      at MongoMemoryServer.start (node_modules/mongodb-memory-server-core/src/MongoMemoryServer.ts:298:5)
      at Function.create (node_modules/mongodb-memory-server-core/src/MongoMemoryServer.ts:265:5)
      at setupTestDB (tests/setup/mongodb.js:17:17)
      at Object.<anonymous> (tests/unit/models/Leave.test.js:16:5)

::ffff:127.0.0.1 - - [15/Nov/2025:17:12:01 +0000] "POST /api/auth/register HTTP/1.1" 201 522 "-" "-"
::ffff:127.0.0.1 - - [15/Nov/2025:17:12:01 +0000] "POST /api/auth/register HTTP/1.1" 201 524 "-" "-"
::ffff:127.0.0.1 - - [15/Nov/2025:17:12:01 +0000] "POST /api/auth/register HTTP/1.1" 201 509 "-" "-"
::ffff:127.0.0.1 - - [15/Nov/2025:17:12:01 +0000] "POST /api/auth/register HTTP/1.1" 201 508 "-" "-"
::ffff:127.0.0.1 - - [15/Nov/2025:17:12:01 +0000] "POST /api/auth/register HTTP/1.1" 400 253 "-" "-"
::ffff:127.0.0.1 - - [15/Nov/2025:17:12:01 +0000] "POST /api/auth/register HTTP/1.1" 201 516 "-" "-"
::ffff:127.0.0.1 - - [15/Nov/2025:17:12:01 +0000] "POST /api/auth/register HTTP/1.1" 201 516 "-" "-"
::ffff:127.0.0.1 - - [15/Nov/2025:17:12:01 +0000] "POST /api/auth/register HTTP/1.1" 201 519 "-" "-"
  console.error
    Error: Error: User with this email already exists
        at Object.register (C:\Users\ishan\Desktop\alms_final\src\services\authService.js:22:11)
        at processTicksAndRejections (node:internal/process/task_queues:95:5)
        at register (C:\Users\ishan\Desktop\alms_final\src\controllers\authController.js:17:20)

      15 |   // Log error
      16 |   // eslint-disable-next-line no-console
    > 17 |   console.error('Error:', err);
         |           ^
      18 |
      19 |   // Mongoose bad ObjectId
      20 |   if (err.name === 'CastError') {

      at error (src/middleware/errorHandler.js:17:11)
      at Layer.handle_error (node_modules/express/lib/router/layer.js:71:5)
      at trim_prefix (node_modules/express/lib/router/index.js:326:13)
      at node_modules/express/lib/router/index.js:286:9
      at Function.process_params (node_modules/express/lib/router/index.js:346:12)
      at next (node_modules/express/lib/router/index.js:280:10)
      at Layer.handle_error (node_modules/express/lib/router/layer.js:67:12)
      at trim_prefix (node_modules/express/lib/router/index.js:326:13)
      at node_modules/express/lib/router/index.js:286:9
      at Function.process_params (node_modules/express/lib/router/index.js:346:12)
      at next (node_modules/express/lib/router/index.js:280:10)
      at node_modules/express/lib/router/index.js:646:15
      at next (node_modules/express/lib/router/index.js:265:14)
      at next (node_modules/express/lib/router/route.js:141:14)
      at next (src/controllers/authController.js:32:5)

::ffff:127.0.0.1 - - [15/Nov/2025:17:12:01 +0000] "POST /api/auth/register HTTP/1.1" 400 71 "-" "-"
::ffff:127.0.0.1 - - [15/Nov/2025:17:12:01 +0000] "POST /api/leaves HTTP/1.1" 201 471 "-" "-"
::ffff:127.0.0.1 - - [15/Nov/2025:17:12:01 +0000] "POST /api/leaves HTTP/1.1" 201 471 "-" "-"
  console.error
    Error: Error: Invalid credentials
        at Object.login (C:\Users\ishan\Desktop\alms_final\src\services\authService.js:55:11)
        at processTicksAndRejections (node:internal/process/task_queues:95:5)
        at login (C:\Users\ishan\Desktop\alms_final\src\controllers\authController.js:43:20)

      15 |   // Log error
      16 |   // eslint-disable-next-line no-console
    > 17 |   console.error('Error:', err);
         |           ^
      18 |
      19 |   // Mongoose bad ObjectId
      20 |   if (err.name === 'CastError') {

      at error (src/middleware/errorHandler.js:17:11)
      at Layer.handle_error (node_modules/express/lib/router/layer.js:71:5)
      at trim_prefix (node_modules/express/lib/router/index.js:326:13)
      at node_modules/express/lib/router/index.js:286:9
      at Function.process_params (node_modules/express/lib/router/index.js:346:12)
      at next (node_modules/express/lib/router/index.js:280:10)
      at Layer.handle_error (node_modules/express/lib/router/layer.js:67:12)
      at trim_prefix (node_modules/express/lib/router/index.js:326:13)
      at node_modules/express/lib/router/index.js:286:9
      at Function.process_params (node_modules/express/lib/router/index.js:346:12)
      at next (node_modules/express/lib/router/index.js:280:10)
      at node_modules/express/lib/router/index.js:646:15
      at next (node_modules/express/lib/router/index.js:265:14)
      at next (node_modules/express/lib/router/route.js:141:14)
      at next (src/controllers/authController.js:51:5)

::ffff:127.0.0.1 - - [15/Nov/2025:17:12:01 +0000] "POST /api/auth/login HTTP/1.1" 401 55 "-" "-"
::ffff:127.0.0.1 - - [15/Nov/2025:17:12:02 +0000] "POST /api/auth/register HTTP/1.1" 201 508 "-" "-"
::ffff:127.0.0.1 - - [15/Nov/2025:17:12:02 +0000] "POST /api/auth/register HTTP/1.1" 201 516 "-" "-"
::ffff:127.0.0.1 - - [15/Nov/2025:17:12:02 +0000] "GET /api/leaves/6918b461dce461cc4cad6a34 HTTP/1.1" 200 487 "-" "-"
::ffff:127.0.0.1 - - [15/Nov/2025:17:12:02 +0000] "POST /api/auth/register HTTP/1.1" 201 522 "-" "-"
PASS tests/integration/authControllerErrors.test.js (22.269 s)
  Auth Controller Error Handling
    Error Handling
      ΓêÜ should handle registration errors (1882 ms)
      ΓêÜ should handle login errors (127 ms)

::ffff:127.0.0.1 - - [15/Nov/2025:17:12:02 +0000] "POST /api/auth/login HTTP/1.1" 200 535 "-" "-"
::ffff:127.0.0.1 - - [15/Nov/2025:17:12:02 +0000] "POST /api/auth/register HTTP/1.1" 201 509 "-" "-"
::ffff:127.0.0.1 - - [15/Nov/2025:17:12:02 +0000] "POST /api/auth/register HTTP/1.1" 201 524 "-" "-"
  console.error
    Error: Error: Leave not found
        at Object.getLeaveById (C:\Users\ishan\Desktop\alms_final\src\services\leaveService.js:107:11)
        at processTicksAndRejections (node:internal/process/task_queues:95:5)
        at getLeaveById (C:\Users\ishan\Desktop\alms_final\src\controllers\leaveController.js:54:19)

      15 |   // Log error
      16 |   // eslint-disable-next-line no-console
    > 17 |   console.error('Error:', err);
         |           ^
      18 |
      19 |   // Mongoose bad ObjectId
      20 |   if (err.name === 'CastError') {

      at error (src/middleware/errorHandler.js:17:11)
      at Layer.handle_error (node_modules/express/lib/router/layer.js:71:5)
      at trim_prefix (node_modules/express/lib/router/index.js:326:13)
      at node_modules/express/lib/router/index.js:286:9
      at Function.process_params (node_modules/express/lib/router/index.js:346:12)
      at next (node_modules/express/lib/router/index.js:280:10)
      at Layer.handle_error (node_modules/express/lib/router/layer.js:67:12)
      at trim_prefix (node_modules/express/lib/router/index.js:326:13)
      at node_modules/express/lib/router/index.js:286:9
      at Function.process_params (node_modules/express/lib/router/index.js:346:12)
      at next (node_modules/express/lib/router/index.js:280:10)
      at node_modules/express/lib/router/index.js:646:15
      at next (node_modules/express/lib/router/index.js:265:14)
      at next (node_modules/express/lib/router/route.js:141:14)
      at next (src/controllers/leaveController.js:60:5)

::ffff:127.0.0.1 - - [15/Nov/2025:17:12:02 +0000] "GET /api/leaves/507f1f77bcf86cd799439011 HTTP/1.1" 400 51 "-" "-"
::ffff:127.0.0.1 - - [15/Nov/2025:17:12:02 +0000] "POST /api/auth/register HTTP/1.1" 201 516 "-" "-"
  console.error
    Error: Error: Invalid credentials
        at Object.login (C:\Users\ishan\Desktop\alms_final\src\services\authService.js:55:11)
        at processTicksAndRejections (node:internal/process/task_queues:95:5)
        at login (C:\Users\ishan\Desktop\alms_final\src\controllers\authController.js:43:20)

      15 |   // Log error
      16 |   // eslint-disable-next-line no-console
    > 17 |   console.error('Error:', err);
         |           ^
      18 |
      19 |   // Mongoose bad ObjectId
      20 |   if (err.name === 'CastError') {

      at error (src/middleware/errorHandler.js:17:11)
      at Layer.handle_error (node_modules/express/lib/router/layer.js:71:5)
      at trim_prefix (node_modules/express/lib/router/index.js:326:13)
      at node_modules/express/lib/router/index.js:286:9
      at Function.process_params (node_modules/express/lib/router/index.js:346:12)
      at next (node_modules/express/lib/router/index.js:280:10)
      at Layer.handle_error (node_modules/express/lib/router/layer.js:67:12)
      at trim_prefix (node_modules/express/lib/router/index.js:326:13)
      at node_modules/express/lib/router/index.js:286:9
      at Function.process_params (node_modules/express/lib/router/index.js:346:12)
      at next (node_modules/express/lib/router/index.js:280:10)
      at node_modules/express/lib/router/index.js:646:15
      at next (node_modules/express/lib/router/index.js:265:14)
      at next (node_modules/express/lib/router/route.js:141:14)
      at next (src/controllers/authController.js:51:5)

::ffff:127.0.0.1 - - [15/Nov/2025:17:12:03 +0000] "POST /api/auth/login HTTP/1.1" 401 55 "-" "-"
::ffff:127.0.0.1 - - [15/Nov/2025:17:12:03 +0000] "POST /api/leaves HTTP/1.1" 401 58 "-" "-"
::ffff:127.0.0.1 - - [15/Nov/2025:17:12:03 +0000] "GET /api/leave-balance HTTP/1.1" 200 628 "-" "-"
::ffff:127.0.0.1 - - [15/Nov/2025:17:12:03 +0000] "POST /api/auth/register HTTP/1.1" 201 519 "-" "-"
::ffff:127.0.0.1 - - [15/Nov/2025:17:12:03 +0000] "POST /api/auth/register HTTP/1.1" 201 516 "-" "-"
::ffff:127.0.0.1 - - [15/Nov/2025:17:12:03 +0000] "POST /api/leaves HTTP/1.1" 201 473 "-" "-"
::ffff:127.0.0.1 - - [15/Nov/2025:17:12:03 +0000] "POST /api/auth/register HTTP/1.1" 201 522 "-" "-"
::ffff:127.0.0.1 - - [15/Nov/2025:17:12:03 +0000] "POST /api/auth/register HTTP/1.1" 201 508 "-" "-"
::ffff:127.0.0.1 - - [15/Nov/2025:17:12:03 +0000] "GET /api/auth/profile HTTP/1.1" 200 225 "-" "-"
::ffff:127.0.0.1 - - [15/Nov/2025:17:12:03 +0000] "POST /api/auth/register HTTP/1.1" 201 509 "-" "-"
::ffff:127.0.0.1 - - [15/Nov/2025:17:12:03 +0000] "GET /api/auth/profile HTTP/1.1" 401 58 "-" "-"
::ffff:127.0.0.1 - - [15/Nov/2025:17:12:03 +0000] "GET /api/leave-balance HTTP/1.1" 401 58 "-" "-"
::ffff:127.0.0.1 - - [15/Nov/2025:17:12:03 +0000] "POST /api/auth/register HTTP/1.1" 201 516 "-" "-"
  console.error
    Error: Error: You can only update your own leave requests
        at Object.updateLeave (C:\Users\ishan\Desktop\alms_final\src\services\leaveService.js:138:11)
        at processTicksAndRejections (node:internal/process/task_queues:95:5)
        at updateLeave (C:\Users\ishan\Desktop\alms_final\src\controllers\leaveController.js:69:19)

      15 |   // Log error
      16 |   // eslint-disable-next-line no-console
    > 17 |   console.error('Error:', err);
         |           ^
      18 |
      19 |   // Mongoose bad ObjectId
      20 |   if (err.name === 'CastError') {

      at error (src/middleware/errorHandler.js:17:11)
      at Layer.handle_error (node_modules/express/lib/router/layer.js:71:5)
      at trim_prefix (node_modules/express/lib/router/index.js:326:13)
      at node_modules/express/lib/router/index.js:286:9
      at Function.process_params (node_modules/express/lib/router/index.js:346:12)
      at next (node_modules/express/lib/router/index.js:280:10)
      at Layer.handle_error (node_modules/express/lib/router/layer.js:67:12)
      at trim_prefix (node_modules/express/lib/router/index.js:326:13)
      at node_modules/express/lib/router/index.js:286:9
      at Function.process_params (node_modules/express/lib/router/index.js:346:12)
      at next (node_modules/express/lib/router/index.js:280:10)
      at node_modules/express/lib/router/index.js:646:15
      at next (node_modules/express/lib/router/index.js:265:14)
      at next (node_modules/express/lib/router/route.js:141:14)
      at next (src/controllers/leaveController.js:80:5)

::ffff:127.0.0.1 - - [15/Nov/2025:17:12:03 +0000] "PUT /api/leaves/6918b463dce461cc4cad6a47 HTTP/1.1" 400 79 "-" "-"
::ffff:127.0.0.1 - - [15/Nov/2025:17:12:04 +0000] "POST /api/leaves HTTP/1.1" 201 471 "-" "-"
::ffff:127.0.0.1 - - [15/Nov/2025:17:12:04 +0000] "POST /api/auth/register HTTP/1.1" 201 516 "-" "-"
  console.error
    Error: Error: Access denied
        at Object.getLeaveById (C:\Users\ishan\Desktop\alms_final\src\services\leaveService.js:117:11)
        at processTicksAndRejections (node:internal/process/task_queues:95:5)
        at getLeaveById (C:\Users\ishan\Desktop\alms_final\src\controllers\leaveController.js:54:19)

      15 |   // Log error
      16 |   // eslint-disable-next-line no-console
    > 17 |   console.error('Error:', err);
         |           ^
      18 |
      19 |   // Mongoose bad ObjectId
      20 |   if (err.name === 'CastError') {

      at error (src/middleware/errorHandler.js:17:11)
      at Layer.handle_error (node_modules/express/lib/router/layer.js:71:5)
      at trim_prefix (node_modules/express/lib/router/index.js:326:13)
      at node_modules/express/lib/router/index.js:286:9
      at Function.process_params (node_modules/express/lib/router/index.js:346:12)
      at next (node_modules/express/lib/router/index.js:280:10)
      at Layer.handle_error (node_modules/express/lib/router/layer.js:67:12)
      at trim_prefix (node_modules/express/lib/router/index.js:326:13)
      at node_modules/express/lib/router/index.js:286:9
      at Function.process_params (node_modules/express/lib/router/index.js:346:12)
      at next (node_modules/express/lib/router/index.js:280:10)
      at node_modules/express/lib/router/index.js:646:15
      at next (node_modules/express/lib/router/index.js:265:14)
      at next (node_modules/express/lib/router/route.js:141:14)
      at next (src/controllers/leaveController.js:60:5)

::ffff:127.0.0.1 - - [15/Nov/2025:17:12:04 +0000] "GET /api/leaves/6918b4640ad7332d9d0a1a3a HTTP/1.1" 403 49 "-" "-"
::ffff:127.0.0.1 - - [15/Nov/2025:17:12:04 +0000] "POST /api/leaves HTTP/1.1" 201 471 "-" "-"
PASS tests/integration/auth.test.js (24.385 s)
  Authentication API
    POST /api/auth/register
      ΓêÜ should register a new user (1382 ms)
      ΓêÜ should return 400 for invalid data (88 ms)
    POST /api/auth/login
      ΓêÜ should login with correct credentials (1096 ms)
      ΓêÜ should return 401 for incorrect credentials (361 ms)
    GET /api/auth/profile
      ΓêÜ should get profile with valid token (654 ms)
      ΓêÜ should return 401 without token (44 ms)

PASS tests/integration/leaveBalance.test.js (12.76 s)
  Leave Balance API
    GET /api/leave-balance
      ΓêÜ should get leave balance for authenticated user (1331 ms)
      ΓêÜ should return 401 without authentication (654 ms)

::ffff:127.0.0.1 - - [15/Nov/2025:17:12:04 +0000] "GET /api/leaves HTTP/1.1" 200 499 "-" "-"
::ffff:127.0.0.1 - - [15/Nov/2025:17:12:04 +0000] "POST /api/auth/register HTTP/1.1" 201 524 "-" "-"
::ffff:127.0.0.1 - - [15/Nov/2025:17:12:04 +0000] "POST /api/auth/register HTTP/1.1" 201 516 "-" "-"
::ffff:127.0.0.1 - - [15/Nov/2025:17:12:05 +0000] "POST /api/auth/register HTTP/1.1" 201 519 "-" "-"
::ffff:127.0.0.1 - - [15/Nov/2025:17:12:05 +0000] "POST /api/leaves HTTP/1.1" 201 471 "-" "-"
  console.error
    Error: Error: You can only cancel your own leave requests
        at Object.cancelLeave (C:\Users\ishan\Desktop\alms_final\src\services\leaveService.js:182:11)
        at processTicksAndRejections (node:internal/process/task_queues:95:5)
        at cancelLeave (C:\Users\ishan\Desktop\alms_final\src\controllers\leaveController.js:89:19)

      15 |   // Log error
      16 |   // eslint-disable-next-line no-console
    > 17 |   console.error('Error:', err);
         |           ^
      18 |
      19 |   // Mongoose bad ObjectId
      20 |   if (err.name === 'CastError') {

      at error (src/middleware/errorHandler.js:17:11)
      at Layer.handle_error (node_modules/express/lib/router/layer.js:71:5)
      at trim_prefix (node_modules/express/lib/router/index.js:326:13)
      at node_modules/express/lib/router/index.js:286:9
      at Function.process_params (node_modules/express/lib/router/index.js:346:12)
      at next (node_modules/express/lib/router/index.js:280:10)
      at Layer.handle_error (node_modules/express/lib/router/layer.js:67:12)
      at trim_prefix (node_modules/express/lib/router/index.js:326:13)
      at node_modules/express/lib/router/index.js:286:9
      at Function.process_params (node_modules/express/lib/router/index.js:346:12)
      at next (node_modules/express/lib/router/index.js:280:10)
      at node_modules/express/lib/router/index.js:646:15
      at next (node_modules/express/lib/router/index.js:265:14)
      at next (node_modules/express/lib/router/route.js:141:14)
      at next (src/controllers/leaveController.js:96:5)

::ffff:127.0.0.1 - - [15/Nov/2025:17:12:05 +0000] "DELETE /api/leaves/6918b465dce461cc4cad6a58 HTTP/1.1" 400 79 "-" "-"
::ffff:127.0.0.1 - - [15/Nov/2025:17:12:05 +0000] "POST /api/auth/register HTTP/1.1" 201 516 "-" "-"
::ffff:127.0.0.1 - - [15/Nov/2025:17:12:05 +0000] "POST /api/leaves HTTP/1.1" 201 471 "-" "-"
::ffff:127.0.0.1 - - [15/Nov/2025:17:12:05 +0000] "POST /api/auth/register HTTP/1.1" 201 522 "-" "-"
  console.error
    Error: Error: You can only update your own leave requests
        at Object.updateLeave (C:\Users\ishan\Desktop\alms_final\src\services\leaveService.js:138:11)
        at processTicksAndRejections (node:internal/process/task_queues:95:5)
        at updateLeave (C:\Users\ishan\Desktop\alms_final\src\controllers\leaveController.js:69:19)

      15 |   // Log error
      16 |   // eslint-disable-next-line no-console
    > 17 |   console.error('Error:', err);
         |           ^
      18 |
      19 |   // Mongoose bad ObjectId
      20 |   if (err.name === 'CastError') {

      at error (src/middleware/errorHandler.js:17:11)
      at Layer.handle_error (node_modules/express/lib/router/layer.js:71:5)
      at trim_prefix (node_modules/express/lib/router/index.js:326:13)
      at node_modules/express/lib/router/index.js:286:9
      at Function.process_params (node_modules/express/lib/router/index.js:346:12)
      at next (node_modules/express/lib/router/index.js:280:10)
      at Layer.handle_error (node_modules/express/lib/router/layer.js:67:12)
      at trim_prefix (node_modules/express/lib/router/index.js:326:13)
      at node_modules/express/lib/router/index.js:286:9
      at Function.process_params (node_modules/express/lib/router/index.js:346:12)
      at next (node_modules/express/lib/router/index.js:280:10)
      at node_modules/express/lib/router/index.js:646:15
      at next (node_modules/express/lib/router/index.js:265:14)
      at next (node_modules/express/lib/router/route.js:141:14)
      at next (src/controllers/leaveController.js:80:5)

::ffff:127.0.0.1 - - [15/Nov/2025:17:12:05 +0000] "PUT /api/leaves/6918b4650ad7332d9d0a1a4c HTTP/1.1" 400 79 "-" "-"
::ffff:127.0.0.1 - - [15/Nov/2025:17:12:06 +0000] "POST /api/auth/register HTTP/1.1" 201 524 "-" "-"
::ffff:127.0.0.1 - - [15/Nov/2025:17:12:06 +0000] "POST /api/auth/register HTTP/1.1" 201 516 "-" "-"
::ffff:127.0.0.1 - - [15/Nov/2025:17:12:06 +0000] "POST /api/auth/register HTTP/1.1" 201 516 "-" "-"
::ffff:127.0.0.1 - - [15/Nov/2025:17:12:06 +0000] "POST /api/auth/register HTTP/1.1" 201 519 "-" "-"
::ffff:127.0.0.1 - - [15/Nov/2025:17:12:06 +0000] "POST /api/leaves HTTP/1.1" 201 471 "-" "-"
::ffff:127.0.0.1 - - [15/Nov/2025:17:12:06 +0000] "POST /api/leaves HTTP/1.1" 201 471 "-" "-"
  console.error
    Error: Error: You are not authorized to reject this leave
        at Object.rejectLeave (C:\Users\ishan\Desktop\alms_final\src\services\leaveService.js:295:11)
        at processTicksAndRejections (node:internal/process/task_queues:95:5)
        at rejectLeave (C:\Users\ishan\Desktop\alms_final\src\controllers\leaveController.js:138:19)

      15 |   // Log error
      16 |   // eslint-disable-next-line no-console
    > 17 |   console.error('Error:', err);
         |           ^
      18 |
      19 |   // Mongoose bad ObjectId
      20 |   if (err.name === 'CastError') {

      at error (src/middleware/errorHandler.js:17:11)
      at Layer.handle_error (node_modules/express/lib/router/layer.js:71:5)
      at trim_prefix (node_modules/express/lib/router/index.js:326:13)
      at node_modules/express/lib/router/index.js:286:9
      at Function.process_params (node_modules/express/lib/router/index.js:346:12)
      at next (node_modules/express/lib/router/index.js:280:10)
      at Layer.handle_error (node_modules/express/lib/router/layer.js:67:12)
      at trim_prefix (node_modules/express/lib/router/index.js:326:13)
      at node_modules/express/lib/router/index.js:286:9
      at Function.process_params (node_modules/express/lib/router/index.js:346:12)
      at Immediate.next (node_modules/express/lib/router/index.js:280:10)
      at Immediate._onImmediate (node_modules/express/lib/router/index.js:646:15)

::ffff:127.0.0.1 - - [15/Nov/2025:17:12:06 +0000] "POST /api/leaves/6918b466dce461cc4cad6a69/reject HTTP/1.1" 403 79 "-" "-"
::ffff:127.0.0.1 - - [15/Nov/2025:17:12:06 +0000] "POST /api/leaves/6918b4668496fd86a63f30f2/approve HTTP/1.1" 200 636 "-" "-"
::ffff:127.0.0.1 - - [15/Nov/2025:17:12:06 +0000] "POST /api/auth/register HTTP/1.1" 201 516 "-" "-"
::ffff:127.0.0.1 - - [15/Nov/2025:17:12:07 +0000] "POST /api/leaves HTTP/1.1" 201 471 "-" "-"
  console.error
    Error: Error: You can only update your own leave requests
        at Object.updateLeave (C:\Users\ishan\Desktop\alms_final\src\services\leaveService.js:138:11)
        at processTicksAndRejections (node:internal/process/task_queues:95:5)
        at updateLeave (C:\Users\ishan\Desktop\alms_final\src\controllers\leaveController.js:69:19)

      15 |   // Log error
      16 |   // eslint-disable-next-line no-console
    > 17 |   console.error('Error:', err);
         |           ^
      18 |
      19 |   // Mongoose bad ObjectId
      20 |   if (err.name === 'CastError') {

      at error (src/middleware/errorHandler.js:17:11)
      at Layer.handle_error (node_modules/express/lib/router/layer.js:71:5)
      at trim_prefix (node_modules/express/lib/router/index.js:326:13)
      at node_modules/express/lib/router/index.js:286:9
      at Function.process_params (node_modules/express/lib/router/index.js:346:12)
      at next (node_modules/express/lib/router/index.js:280:10)
      at Layer.handle_error (node_modules/express/lib/router/layer.js:67:12)
      at trim_prefix (node_modules/express/lib/router/index.js:326:13)
      at node_modules/express/lib/router/index.js:286:9
      at Function.process_params (node_modules/express/lib/router/index.js:346:12)
      at next (node_modules/express/lib/router/index.js:280:10)
      at node_modules/express/lib/router/index.js:646:15
      at next (node_modules/express/lib/router/index.js:265:14)
      at next (node_modules/express/lib/router/route.js:141:14)
      at next (src/controllers/leaveController.js:80:5)

::ffff:127.0.0.1 - - [15/Nov/2025:17:12:07 +0000] "PUT /api/leaves/6918b4670ad7332d9d0a1a5d HTTP/1.1" 400 79 "-" "-"
PASS tests/integration/leave.test.js (27.262 s)
  Leave Management API
    POST /api/leaves
      ΓêÜ should create a leave request (2151 ms)
      ΓêÜ should return 401 without authentication (1151 ms)
    GET /api/leaves
      ΓêÜ should get all leaves for authenticated user (1635 ms)
    POST /api/leaves/:id/approve
      ΓêÜ should approve a leave request (2133 ms)

::ffff:127.0.0.1 - - [15/Nov/2025:17:12:07 +0000] "POST /api/auth/register HTTP/1.1" 201 524 "-" "-"
::ffff:127.0.0.1 - - [15/Nov/2025:17:12:07 +0000] "POST /api/auth/register HTTP/1.1" 201 519 "-" "-"
FAIL tests/integration/leaveControllerErrors.test.js (27.655 s)
  Leave Controller Error Handling
    Error Handling
      ΓêÜ should return 400 for non-existent leave (2517 ms)
      ΓêÜ should return 403 when accessing another employee's leave (1405 ms)
      ├ù should return 400 when updating non-pending leave (1540 ms)
      ΓêÜ should return 400 when updating another employee's leave (1253 ms)

  ΓùÅ Leave Controller Error Handling ΓÇ║ Error Handling ΓÇ║ should return 400 when updating non-pending leave

    expect(received).toContain(expected) // indexOf

    Expected substring: "Only pending leaves can be updated"
    Received string:    "You can only update your own leave requests"

      112 |         .expect(400);
      113 |
    > 114 |       expect(response.body.error).toContain('Only pending leaves can be updated');
          |                                   ^
      115 |     });
      116 |
      117 |     it('should return 400 when updating another employee\'s leave', async () => {

      at Object.toContain (tests/integration/leaveControllerErrors.test.js:114:35)

::ffff:127.0.0.1 - - [15/Nov/2025:17:12:07 +0000] "POST /api/leaves HTTP/1.1" 201 471 "-" "-"
::ffff:127.0.0.1 - - [15/Nov/2025:17:12:08 +0000] "GET /api/leaves/approvals/pending HTTP/1.1" 200 500 "-" "-"
FAIL tests/integration/leaveExtended.test.js (28.581 s)
  Extended Leave Management API
    GET /api/leaves/:id
      ΓêÜ should get a specific leave by ID (2753 ms)
    PUT /api/leaves/:id
      ├ù should update a pending leave request (1578 ms)
    DELETE /api/leaves/:id
      ├ù should cancel a leave request (1564 ms)
    POST /api/leaves/:id/reject
      ├ù should reject a leave request (1270 ms)
    GET /api/leaves/approvals/pending
      ΓêÜ should get pending approvals for manager (1260 ms)

  ΓùÅ Extended Leave Management API ΓÇ║ PUT /api/leaves/:id ΓÇ║ should update a pending leave request

    expected 200 "OK", got 400 "Bad Request"

      108 |           reason: 'Updated reason'
      109 |         })
    > 110 |         .expect(200);
          |          ^
      111 |
      112 |       expect(response.body.leave.reason).toBe('Updated reason');
      113 |     });

      at Object.expect (tests/integration/leaveExtended.test.js:110:10)
      ----
      at Test._assertStatus (node_modules/supertest/lib/test.js:252:14)
      at node_modules/supertest/lib/test.js:308:13
      at Test._assertFunction (node_modules/supertest/lib/test.js:285:13)
      at Test.assert (node_modules/supertest/lib/test.js:164:23)
      at Server.localAssert (node_modules/supertest/lib/test.js:120:14)

  ΓùÅ Extended Leave Management API ΓÇ║ DELETE /api/leaves/:id ΓÇ║ should cancel a leave request

    expected 200 "OK", got 400 "Bad Request"

      133 |         .delete(`/api/leaves/${leaveId}`)
      134 |         .set('Authorization', `Bearer ${employeeToken}`)
    > 135 |         .expect(200);
          |          ^
      136 |
      137 |       expect(response.body.leave.status).toBe('cancelled');
      138 |     });

      at Object.expect (tests/integration/leaveExtended.test.js:135:10)
      ----
      at Test._assertStatus (node_modules/supertest/lib/test.js:252:14)
      at node_modules/supertest/lib/test.js:308:13
      at Test._assertFunction (node_modules/supertest/lib/test.js:285:13)
      at Test.assert (node_modules/supertest/lib/test.js:164:23)
      at Server.localAssert (node_modules/supertest/lib/test.js:120:14)

  ΓùÅ Extended Leave Management API ΓÇ║ POST /api/leaves/:id/reject ΓÇ║ should reject a leave request

    expected 200 "OK", got 403 "Forbidden"

      161 |           rejectionReason: 'Insufficient team coverage'
      162 |         })
    > 163 |         .expect(200);
          |          ^
      164 |
      165 |       expect(response.body.leave.status).toBe('rejected');
      166 |       expect(response.body.leave.rejectionReason).toBe('Insufficient team coverage');

      at Object.expect (tests/integration/leaveExtended.test.js:163:10)
      ----
      at Test._assertStatus (node_modules/supertest/lib/test.js:252:14)
      at node_modules/supertest/lib/test.js:308:13
      at Test._assertFunction (node_modules/supertest/lib/test.js:285:13)
      at Test.assert (node_modules/supertest/lib/test.js:164:23)
      at Server.localAssert (node_modules/supertest/lib/test.js:120:14)

::ffff:127.0.0.1 - - [15/Nov/2025:17:12:11 +0000] "GET /health HTTP/1.1" 200 129 "-" "-"
::ffff:127.0.0.1 - - [15/Nov/2025:17:12:12 +0000] "GET / HTTP/1.1" 200 108 "-" "-"
PASS tests/unit/app.test.js
  Application Tests
    Health Check Endpoint
      ΓêÜ should return 200 and health status (75 ms)
    Root Endpoint
      ΓêÜ should return welcome message (27 ms)

PASS tests/unit/utils/jwt.test.js
  JWT Utilities
    generateToken
      ΓêÜ should generate a valid JWT token (15 ms)
      ΓêÜ should generate token with custom expiration (7 ms)
    verifyToken
      ΓêÜ should verify a valid token (22 ms)
      ΓêÜ should throw error for invalid token (58 ms)
      ΓêÜ should throw error for expired token (4 ms)

FAIL tests/unit/services/leaveService.test.js (33.047 s)
  Leave Service
    createLeave
      ΓêÜ should create leave successfully (931 ms)
      ΓêÜ should create leave when balance does not exist (430 ms)
      ΓêÜ should throw error for overlapping leaves (559 ms)
      ΓêÜ should throw error for insufficient balance (446 ms)
    getLeaves
      ΓêÜ should get all leaves for employee (470 ms)
      ΓêÜ should filter leaves by status (422 ms)
      ΓêÜ should filter leaves by leaveType (434 ms)
      ΓêÜ should filter leaves by date range (438 ms)
    getLeaveById
      ΓêÜ should get leave by ID for employee (453 ms)
      ΓêÜ should get leave by ID for manager (908 ms)
      ΓêÜ should throw error if leave not found (400 ms)
      ΓêÜ should throw error for unauthorized access (905 ms)
    updateLeave
      ├ù should update pending leave (446 ms)
      ├ù should update leave dates and recalculate days (479 ms)
      ├ù should throw error when updated dates overlap (618 ms)
      ├ù should throw error when updating non-pending leave (510 ms)
      ΓêÜ should throw error when updating another employee's leave (516 ms)
      ΓêÜ should throw error when leave not found for update (633 ms)
    cancelLeave
      ├ù should cancel pending leave (618 ms)
      ΓêÜ should throw error when cancelling another employee's leave (466 ms)
      ├ù should throw error when cancelling already cancelled leave (528 ms)
      ├ù should throw error when cancelling approved leave that has started (457 ms)
      ├ù should cancel approved leave with future start date (679 ms)
      ΓêÜ should throw error when leave not found for cancellation (519 ms)
    rejectLeave
      ├ù should reject leave request (565 ms)
      ΓêÜ should throw error when rejecting non-pending leave (534 ms)
      ├ù should reject leave when balance does not exist (551 ms)
      ΓêÜ should throw error when leave not found (471 ms)
    getPendingApprovals
      ΓêÜ should get pending approvals for manager (544 ms)
    approveLeave
      ΓêÜ should approve leave successfully (579 ms)
      ΓêÜ should approve leave when balance does not exist (617 ms)
      ΓêÜ should throw error when approving non-pending leave (486 ms)
      ΓêÜ should throw error when leave not found (641 ms)

  ΓùÅ Leave Service ΓÇ║ updateLeave ΓÇ║ should update pending leave

    You can only update your own leave requests

      136 |
      137 |   if (leave.employeeId.toString() !== userId) {
    > 138 |     throw new Error('You can only update your own leave requests');
          |           ^
      139 |   }
      140 |
      141 |   if (leave.status !== 'pending') {

      at Object.updateLeave (src/services/leaveService.js:138:11)
      at Object.<anonymous> (tests/unit/services/leaveService.test.js:267:23)

  ΓùÅ Leave Service ΓÇ║ updateLeave ΓÇ║ should update leave dates and recalculate days

    You can only update your own leave requests

      136 |
      137 |   if (leave.employeeId.toString() !== userId) {
    > 138 |     throw new Error('You can only update your own leave requests');
          |           ^
      139 |   }
      140 |
      141 |   if (leave.status !== 'pending') {

      at Object.updateLeave (src/services/leaveService.js:138:11)
      at Object.<anonymous> (tests/unit/services/leaveService.test.js:282:23)

  ΓùÅ Leave Service ΓÇ║ updateLeave ΓÇ║ should throw error when updated dates overlap

    expect(received).rejects.toThrow(expected)

    Expected substring: "overlap"
    Received message:   "You can only update your own leave requests"

          136 |
          137 |   if (leave.employeeId.toString() !== userId) {
        > 138 |     throw new Error('You can only update your own leave requests');
              |           ^
          139 |   }
          140 |
          141 |   if (leave.status !== 'pending') {

      at Object.updateLeave (src/services/leaveService.js:138:11)
      at Object.<anonymous> (tests/unit/services/leaveService.test.js:313:7)
      at Object.toThrow (node_modules/expect/build/index.js:218:22)
      at Object.toThrow (tests/unit/services/leaveService.test.js:318:17)

  ΓùÅ Leave Service ΓÇ║ updateLeave ΓÇ║ should throw error when updating non-pending leave

    expect(received).rejects.toThrow(expected)

    Expected substring: "Only pending leaves can be updated"
    Received message:   "You can only update your own leave requests"

          136 |
          137 |   if (leave.employeeId.toString() !== userId) {
        > 138 |     throw new Error('You can only update your own leave requests');
              |           ^
          139 |   }
          140 |
          141 |   if (leave.status !== 'pending') {

      at Object.updateLeave (src/services/leaveService.js:138:11)
      at Object.<anonymous> (tests/unit/services/leaveService.test.js:332:7)
      at Object.toThrow (node_modules/expect/build/index.js:218:22)
      at Object.toThrow (tests/unit/services/leaveService.test.js:334:17)

  ΓùÅ Leave Service ΓÇ║ cancelLeave ΓÇ║ should cancel pending leave

    You can only cancel your own leave requests

      180 |
      181 |   if (leave.employeeId.toString() !== userId) {
    > 182 |     throw new Error('You can only cancel your own leave requests');
          |           ^
      183 |   }
      184 |
      185 |   if (leave.status === 'cancelled') {

      at Object.cancelLeave (src/services/leaveService.js:182:11)
      at Object.<anonymous> (tests/unit/services/leaveService.test.js:374:25)

  ΓùÅ Leave Service ΓÇ║ cancelLeave ΓÇ║ should throw error when cancelling already cancelled leave

    expect(received).rejects.toThrow(expected)

    Expected substring: "already cancelled"
    Received message:   "You can only cancel your own leave requests"

          180 |
          181 |   if (leave.employeeId.toString() !== userId) {
        > 182 |     throw new Error('You can only cancel your own leave requests');
              |           ^
          183 |   }
          184 |
          185 |   if (leave.status === 'cancelled') {

      at Object.cancelLeave (src/services/leaveService.js:182:11)
      at Object.<anonymous> (tests/unit/services/leaveService.test.js:406:7)
      at Object.toThrow (node_modules/expect/build/index.js:218:22)
      at Object.toThrow (tests/unit/services/leaveService.test.js:408:17)

  ΓùÅ Leave Service ΓÇ║ cancelLeave ΓÇ║ should throw error when cancelling approved leave that has started

    expect(received).rejects.toThrow(expected)

    Expected substring: "Cannot cancel an approved leave that has already started"
    Received message:   "You can only cancel your own leave requests"

          180 |
          181 |   if (leave.employeeId.toString() !== userId) {
        > 182 |     throw new Error('You can only cancel your own leave requests');
              |           ^
          183 |   }
          184 |
          185 |   if (leave.status === 'cancelled') {

      at Object.cancelLeave (src/services/leaveService.js:182:11)
      at Object.<anonymous> (tests/unit/services/leaveService.test.js:425:7)
      at Object.toThrow (node_modules/expect/build/index.js:218:22)
      at Object.toThrow (tests/unit/services/leaveService.test.js:427:17)

  ΓùÅ Leave Service ΓÇ║ cancelLeave ΓÇ║ should cancel approved leave with future start date

    You can only cancel your own leave requests

      180 |
      181 |   if (leave.employeeId.toString() !== userId) {
    > 182 |     throw new Error('You can only cancel your own leave requests');
          |           ^
      183 |   }
      184 |
      185 |   if (leave.status === 'cancelled') {

      at Object.cancelLeave (src/services/leaveService.js:182:11)
      at Object.<anonymous> (tests/unit/services/leaveService.test.js:444:25)

  ΓùÅ Leave Service ΓÇ║ rejectLeave ΓÇ║ should reject leave request

    You are not authorized to reject this leave

      293 |   const employee = leave.employeeId;
      294 |   if (employee.managerId && employee.managerId.toString() !== managerId) {
    > 295 |     throw new Error('You are not authorized to reject this leave');
          |           ^
      296 |   }
      297 |
      298 |   // Update leave balance

      at Object.rejectLeave (src/services/leaveService.js:295:11)
      at Object.<anonymous> (tests/unit/services/leaveService.test.js:471:24)

  ΓùÅ Leave Service ΓÇ║ rejectLeave ΓÇ║ should reject leave when balance does not exist

    You are not authorized to reject this leave

      293 |   const employee = leave.employeeId;
      294 |   if (employee.managerId && employee.managerId.toString() !== managerId) {
    > 295 |     throw new Error('You are not authorized to reject this leave');
          |           ^
      296 |   }
      297 |
      298 |   // Update leave balance

      at Object.rejectLeave (src/services/leaveService.js:295:11)
      at Object.<anonymous> (tests/unit/services/leaveService.test.js:587:24)

  console.error
    Error: { name: 'CastError', message: 'Cast to ObjectId failed' }

      15 |   // Log error
      16 |   // eslint-disable-next-line no-console
    > 17 |   console.error('Error:', err);
         |           ^
      18 |
      19 |   // Mongoose bad ObjectId
      20 |   if (err.name === 'CastError') {

      at error (src/middleware/errorHandler.js:17:11)
      at Object.errorHandler (tests/unit/middleware/errorHandler.test.js:29:5)

  console.error
    Error: { code: 11000, keyValue: { email: 'test@example.com' } }

      15 |   // Log error
      16 |   // eslint-disable-next-line no-console
    > 17 |   console.error('Error:', err);
         |           ^
      18 |
      19 |   // Mongoose bad ObjectId
      20 |   if (err.name === 'CastError') {

      at error (src/middleware/errorHandler.js:17:11)
      at Object.errorHandler (tests/unit/middleware/errorHandler.test.js:45:5)

  console.error
    Error: {
      name: 'ValidationError',
      errors: {
        email: { message: 'Email is required' },
        password: { message: 'Password is required' }
      }
    }

      15 |   // Log error
      16 |   // eslint-disable-next-line no-console
    > 17 |   console.error('Error:', err);
         |           ^
      18 |
      19 |   // Mongoose bad ObjectId
      20 |   if (err.name === 'CastError') {

      at error (src/middleware/errorHandler.js:17:11)
      at Object.errorHandler (tests/unit/middleware/errorHandler.test.js:64:5)

  console.error
    Error: { name: 'JsonWebTokenError', message: 'Invalid token' }

      15 |   // Log error
      16 |   // eslint-disable-next-line no-console
    > 17 |   console.error('Error:', err);
         |           ^
      18 |
      19 |   // Mongoose bad ObjectId
      20 |   if (err.name === 'CastError') {

      at error (src/middleware/errorHandler.js:17:11)
      at Object.errorHandler (tests/unit/middleware/errorHandler.test.js:80:5)

  console.error
    Error: { name: 'TokenExpiredError', message: 'Token expired' }

      15 |   // Log error
      16 |   // eslint-disable-next-line no-console
    > 17 |   console.error('Error:', err);
         |           ^
      18 |
      19 |   // Mongoose bad ObjectId
      20 |   if (err.name === 'CastError') {

      at error (src/middleware/errorHandler.js:17:11)
      at Object.errorHandler (tests/unit/middleware/errorHandler.test.js:96:5)

  console.error
    Error: { message: 'Invalid credentials' }

      15 |   // Log error
      16 |   // eslint-disable-next-line no-console
    > 17 |   console.error('Error:', err);
         |           ^
      18 |
      19 |   // Mongoose bad ObjectId
      20 |   if (err.name === 'CastError') {

      at error (src/middleware/errorHandler.js:17:11)
      at Object.errorHandler (tests/unit/middleware/errorHandler.test.js:111:5)

  console.error
    Error: { message: 'Access denied. Insufficient permissions' }

      15 |   // Log error
      16 |   // eslint-disable-next-line no-console
    > 17 |   console.error('Error:', err);
         |           ^
      18 |
      19 |   // Mongoose bad ObjectId
      20 |   if (err.name === 'CastError') {

      at error (src/middleware/errorHandler.js:17:11)
      at Object.errorHandler (tests/unit/middleware/errorHandler.test.js:126:5)

  console.error
    Error: { message: 'Some unexpected error' }

      15 |   // Log error
      16 |   // eslint-disable-next-line no-console
    > 17 |   console.error('Error:', err);
         |           ^
      18 |
      19 |   // Mongoose bad ObjectId
      20 |   if (err.name === 'CastError') {

      at error (src/middleware/errorHandler.js:17:11)
      at Object.errorHandler (tests/unit/middleware/errorHandler.test.js:141:5)

PASS tests/unit/middleware/errorHandler.test.js
  Error Handler Middleware
    ΓêÜ should handle CastError with 404 (55 ms)
    ΓêÜ should handle duplicate key error with 400 (9 ms)
    ΓêÜ should handle ValidationError with 400 (16 ms)
    ΓêÜ should handle JsonWebTokenError with 401 (14 ms)
    ΓêÜ should handle TokenExpiredError with 401 (15 ms)
    ΓêÜ should handle authentication errors with 401 (32 ms)
    ΓêÜ should handle authorization errors with 403 (20 ms)
    ΓêÜ should handle generic errors with 500 (15 ms)

::ffff:127.0.0.1 - - [15/Nov/2025:17:12:13 +0000] "POST /api/auth/register HTTP/1.1" 201 518 "-" "-"
::ffff:127.0.0.1 - - [15/Nov/2025:17:12:13 +0000] "GET /api/leave-balance?year=2024 HTTP/1.1" 200 628 "-" "-"
PASS tests/unit/services/authService.test.js (12.203 s)
  Auth Service
    register
      ΓêÜ should register a new user successfully (587 ms)
      ΓêÜ should throw error if user already exists (525 ms)
    login
      ΓêÜ should login user with correct credentials (981 ms)
      ΓêÜ should throw error with incorrect password (966 ms)
      ΓêÜ should throw error with non-existent email (16 ms)
    getProfile
      ΓêÜ should get user profile (583 ms)
      ΓêÜ should throw error if user not found (17 ms)

PASS tests/integration/leaveBalanceExtended.test.js (10.242 s)
  Extended Leave Balance API
    GET /api/leave-balance with year parameter
      ΓêÜ should get leave balance for specific year (981 ms)

PASS tests/unit/services/leaveBalanceService.test.js (7.602 s)
  Leave Balance Service
    getLeaveBalance
      ΓêÜ should get existing leave balance (231 ms)
      ΓêÜ should create default balance if not exists (48 ms)
    initializeBalance
      ΓêÜ should initialize balance with default values (30 ms)
      ΓêÜ should initialize balance with custom values (53 ms)
    updateBalance
      ΓêÜ should update balance for add_pending action (168 ms)
      ΓêÜ should update balance for approve action (56 ms)
      ΓêÜ should throw error if balance not found (45 ms)

PASS tests/unit/models/LeaveBalance.test.js (7.203 s)
  Leave Balance Model
    Leave Balance Creation
      ΓêÜ should create leave balance with valid data (89 ms)
    updateBalance method
      ΓêÜ should update balance for add_pending action (44 ms)
      ΓêÜ should update balance for approve action (29 ms)
      ΓêÜ should update balance for reject action (23 ms)
      ΓêÜ should update balance for cancel action (22 ms)
      ΓêÜ should handle unknown action gracefully (23 ms)
    getAvailable method
      ΓêÜ should return available balance for leave type (23 ms)
      ΓêÜ should return 0 for non-existent leave type (23 ms)

PASS tests/unit/models/User.test.js (10.579 s)
  User Model
    User Creation
      ΓêÜ should create a user with valid data (614 ms)
      ΓêÜ should not create user without required fields (31 ms)
      ΓêÜ should hash password before saving (393 ms)
    Password Comparison
      ΓêÜ should compare password correctly (1417 ms)
    User JSON
      ΓêÜ should not include password in JSON output (548 ms)

Test Suites: 4 failed, 12 passed, 16 total
Tests:       23 failed, 85 passed, 108 total
Snapshots:   0 total
Time:        36.987 s, estimated 37 s
Ran all test suites.
Force exiting Jest: Have you considered using `--detectOpenHandles` to detect async operations that kept running after 
all tests finished?
